[   14145ms] [ERROR] Error: Minified React error #185; visit https://react.dev/errors/185 for the full message or use the non-minified dev environment for full errors and additional helpful warnings.
    at rv (http://localhost:3434/_next/static/chunks/4258e3df-a842d5de3d115a8e.js:1:32289)
    at rm (http://localhost:3434/_next/static/chunks/4258e3df-a842d5de3d115a8e.js:1:31813)
    at ok (http://localhost:3434/_next/static/chunks/4258e3df-a842d5de3d115a8e.js:1:64614)
    at ob (http://localhost:3434/_next/static/chunks/4258e3df-a842d5de3d115a8e.js:1:64217)
    at http://localhost:3434/_next/static/chunks/6326-959f2f0e424c8141.js:1:1888
    at o (http://localhost:3434/_next/static/chunks/8741-ed3f1f345c08180e.js:1:27226)
    at http://localhost:3434/_next/static/chunks/8741-ed3f1f345c08180e.js:1:27309
    at Array.map (<anonymous>)
    at http://localhost:3434/_next/static/chunks/8741-ed3f1f345c08180e.js:1:27295
    at o (http://localhost:3434/_next/static/chunks/8741-ed3f1f345c08180e.js:1:27226) @ http://localhost:3434/_next/static/chunks/3972-067380c609be76bf.js:1
[   14147ms] [ERROR] ErrorBoundary caught an error: Error: Minified React error #185; visit https://react.dev/errors/185 for the full message or use the non-minified dev environment for full errors and additional helpful warnings.
    at rv (http://localhost:3434/_next/static/chunks/4258e3df-a842d5de3d115a8e.js:1:32289)
    at rm (http://localhost:3434/_next/static/chunks/4258e3df-a842d5de3d115a8e.js:1:31813)
    at ok (http://localhost:3434/_next/static/chunks/4258e3df-a842d5de3d115a8e.js:1:64614)
    at ob (http://localhost:3434/_next/static/chunks/4258e3df-a842d5de3d115a8e.js:1:64217)
    at http://localhost:3434/_next/static/chunks/6326-959f2f0e424c8141.js:1:1888
    at o (http://localhost:3434/_next/static/chunks/8741-ed3f1f345c08180e.js:1:27226)
    at http://localhost:3434/_next/static/chunks/8741-ed3f1f345c08180e.js:1:27309
    at Array.map (<anonymous>)
    at http://localhost:3434/_next/static/chunks/8741-ed3f1f345c08180e.js:1:27295
    at o (http://localhost:3434/_next/static/chunks/8741-ed3f1f345c08180e.js:1:27226) {componentStack: 
    at div (<anonymous>)
    at http://localhost:…t/static/chunks/3972-067380c609be76bf.js:2:22041)} @ http://localhost:3434/_next/static/chunks/app/(dashboard)/layout-7b6e3cb256c82b59.js:0
